assistant:::Welcome to Ubuntu 24.04.1 LTS
Last login: 2025-01-09 09:28:54 from 94.223.238.8
dev@webserver:~$ :::
user:::ls:::	<2025-01-10 12:24:16.283695>
assistant:::
Documents  Downloads  Projects  Codes  Presentations  .git
dev@webserver:~$ 
:::
user:::cd Projects:::	<2025-01-10 12:24:21.865667>
assistant:::dev@webserver:~/Projects$ :::
user:::ls:::	<2025-01-10 12:24:26.313443>
assistant:::project_overview.pdf  team_meeting_notes.txt  sprint_plan.docx  code_review.py
dev@webserver:~/Projects$ :::
user:::ls -a:::	<2025-01-10 12:24:29.287997>
assistant:::.  ..  .gitignore  project_overview.pdf  team_meeting_notes.txt  sprint_plan.docx  code_review.py
dev@webserver:~/Projects$ :::
user:::cd ..:::	<2025-01-10 12:24:36.410355>
assistant:::dev@webserver:~$ :::
assistant:::Welcome to Ubuntu 24.04.1 LTS
Last login: 2025-01-07 07:22:10 from 232.142.238.205
dev@webserver:~$ :::
user:::ls:::	<2025-01-10 12:26:01.383953>
assistant:::Documents  Downloads  Projects  Codes  Presentations  .git
dev@webserver:~$ :::
user:::git status:::	<2025-01-10 12:26:04.697466>
assistant:::bash: git: command not found
dev@webserver:~$ :::
user:::cd Projects:::	<2025-01-10 12:26:15.189740>
assistant:::dev@webserver:~/Projects$ :::
user:::ls:::	<2025-01-10 12:26:17.563148>
assistant:::project_overview.pdf  team_meeting_notes.txt  sprint_plan.docx  code_review.py
dev@webserver:~/Projects$ :::
user:::ls -a:::	<2025-01-10 12:26:20.356042>
assistant:::.  ..  .gitignore  project_overview.pdf  team_meeting_notes.txt  sprint_plan.docx  code_review.py
dev@webserver:~/Projects$ :::
user:::cat team_meeting_notes.txt:::	<2025-01-10 12:26:52.904042>
assistant:::The team meeting will be held on Friday at 10 AM. Please ensure all project updates are ready for discussion. 
dev@webserver:~/Projects$ :::
assistant:::Welcome to Ubuntu 24.04.1 LTS
Last login: 2025-01-08 20:24:04 from 33.130.66.249
dev@webserver:~$ :::
user::::::	<2025-01-10 14:52:36.144892>
assistant:::dev@webserver:~$ :::
user::::::	<2025-01-10 14:52:36.613656>
assistant:::dev@webserver:~$ :::
assistant:::dev@webserver:~$ :::
assistant:::dev@webserver:~$ :::
assistant:::dev@webserver:~$ :::
assistant:::Welcome to Ubuntu 24.04.1 LTS
Last login: 2025-01-05 19:11:40 from 154.134.186.162
dev@webserver:~$ :::
assistant:::Welcome to Ubuntu 24.04.1 LTS
Last login: 2025-01-09 22:03:21 from 28.82.88.177
dev@webserver:~$ :::
